# Color mapping for pywal replacement
# Format: #hexcolor=pywal_variable
# Theme: Red Stone

# Core colors derived from kvconfig.theme [GeneralColors]
#121212=background
#522929=color0
#6B3A3A=color8
#7D4B4B=color7
#F0ABAA=color1
#FFFFFF=foreground
#8F5757=color8
#F0AAAA=color9

# Additional SVG/template colors preserved from the existing map
#0A0101=background
#270202=color0
#4E0405=color1
#FFCCCC=color7
#FFCCCD=color7
#F0AAAB=color11
#E69A9A=color12
#E69A9B=color14
#000000=background
#1A1A1A=color0
#2A2A2A=color0
#333333=color8
#4A4A4A=color8
#666666=color8
#727274=color8
#88888A=color7
#AAAAAC=color7
#C8C8CA=foreground
#D2D2D4=foreground
#FF0000=color1
#FF00CC=color5

# Auto-completed by complete-kvantum-maps.py
#141414=background
#31363b=color8
#7f7f7f=color5
#919191=color4
#999999=color4
#a6a6a6=color12
#b4b4b4=color7
#b5746b=color5
#b6b6b6=color7
#bebebe=color7
#bfbfbf=color7
#c15959=color5
#cdd6f4=color7
#cfc9c2=color4
#d1d1d1=foreground
#d2d2d2=color7
#d47065=color4
#d6d6d6=color7
#dcdcdc=color7
#eaeaea=color7
