# Color mapping for pywal replacement
# Format: #hexcolor=pywal_variable
# Theme: Eternal Arctic

# Core colors derived from kvconfig.theme [GeneralColors]
#434c5e=background
#3b4252=color0
#2E353D=color0
#3c4454=color8
#2e3440=color7
#4c566a=color4
#d8dee9=foreground
#646464=color6
#7f8c8d=color5

# Additional SVG/template colors preserved from the existing map
#000000=background
#001419=background
#002700=background
#0C0E14=background
#131621=background
#151926=background
#1E1E20=background
#22252E=background
#232325=background
#232831=background
#28282A=background
#2A2F3A=background
#2E353D=background
#2F343F=background
#31363B=background
#323234=background
#373B43=background
#3C4366=color0
#414143=color0
#48484A=color0
#4B4B4D=color0
#525254=color8
#555564=color8
#555761=color8
#556077=color8
#565658=color8
#5C616C=color8
#606062=color8
#646466=color8
#666666=color8
#6E6E70=color8
#727274=color8
#7A7A7C=color8
#7E818C=color8
#88888A=color8
#8C8C8E=color8
#A0A4AF=foreground
#AAAAAC=foreground
#C3C7D1=foreground
#C8C8CA=foreground
#D1D1D1=foreground
#D2D2D4=foreground
#FFFFFF=foreground
#138D21=color2
#13D931=color2
#3DAEE9=color4
#717D99=color4
#717E98=color4
#8994A9=color4
#D08770=color1
#DA4453=color1
#FC0181=color1
#FC01CB=color1
#FF005D=color1
#FF00FF=color5
#FF8B26=color1
