# --------------------------------------------------- // System
wttrbar                                                # for weather

# --------------------------------------------------- // Misc
wf-recorder                                          # Screen recorder for wlroots-based compositors such as sway

# --------------------------------------------------- // zsh
bat|zsh                                                  # enhanced version of cat

# --------------------------------------------------- // Essential
dunst                                                  # notification daemon
fd                                                     # fast find alternative
openbsd-netcat                                         # networking utility
rsync                                                  # file sync
stow                                                   # symlink farm manager
yt-dlp                                                 # media downloader
python-pip                                             # python package manager
man-db                                                 # man page database
man-pages                                              # linux man pages
dosfstools                                             # FAT filesystem utilities
gvfs-mtp                                               # MTP device support for file managers
unrar                                                  # RAR archive extraction

# --------------------------------------------------- // Media
python-mutagen                                         # audio metadata library
python-ytmusicapi                                      # YouTube Music API
haruna                                                 # KDE video player
elisa                                                  # KDE music player
mpv                                                    # media player

# --------------------------------------------------- // Unclassified (explicit)
alacritty
aurutils
base
base-devel
bitwarden
bluetui
chafa
chromium
chrono-date
cmake
cups
dua-cli
efibootmgr
exfatprogs
flatpak
git
glib2-devel
gpu-screen-recorder
gum
hplip
htop
hunspell-en_us
impala
intel-gpu-tools
intel-media-driver
intel-ucode
iwd
lazydocker
lazygit
less
libpulse
libqalculate
libreoffice-fresh
libva-intel-driver
libva-utils
linux
linux-firmware
linux-headers
localsend-bin
loupe
lsof
lvm2
mesa-utils
meson
mpd
mpd-mpris
mullvad-vpn-bin
neovim
nodejs
npm
nss-mdns
ntfs-3g
nvidia-open-dkms
nvidia-utils
nvtop
oryx
partitionmanager
polkit-kde-agent
power-profiles-daemon
python-colorthief
python-haishoku
python-pywal16
python-pywalfox
qalculate-gtk
ranger
rmpc
scdoc
skanlite
smartmontools
sof-firmware
tmux
ttf-cascadia-code-nerd
ttf-jetbrains-mono-nerd
vulkan-intel
wget
wireless_tools
wiremix
xdg-utils
xorg-server
xorg-xinit
xsettingsd
yay-bin
yay-bin-debug
zathura
zoxide
zram-generator
zsh
