# --------------------------------------------------- // System
wttrbar                                                # for weather

# --------------------------------------------------- // Misc
wf-recorder                                          # Screen recorder for wlroots-based compositors such as sway

# --------------------------------------------------- // Gaming
steam                                                  # gaming platform

# --------------------------------------------------- // Music
cava                                                   # audio visualizer

# --------------------------------------------------- // zsh
bat|zsh                                                  # enhanced version of cat

# --------------------------------------------------- // Unclassified (explicit)
alacritty
aurutils
base
base-devel
bitwarden
bluetui
chafa
chromium
chrono-date
claude-desktop-debug
cmake
cups
dua-cli
efibootmgr
exfatprogs
flatpak
git
glib2-devel
gpu-screen-recorder
gum
hplip
htop
hunspell-en_us
impala
intel-gpu-tools
intel-media-driver
intel-ucode
iwd
lazydocker
lazygit
less
libpulse
libqalculate
libreoffice-fresh
libva-intel-driver
libva-utils
limine
linux
linux-firmware
linux-headers
localsend-bin
loupe
lsof
lvm2
ly
mesa-utils
meson
mpd
mpd-mpris
mullvad-vpn-bin
ncpamixer
neovim
nodejs
npm
nss-mdns
ntfs-3g
nvidia-open-dkms
nvidia-utils
nvtop
oryx
otf-aurulent-nerd
otf-codenewroman-nerd
otf-commit-mono-nerd
otf-droid-nerd
otf-firamono-nerd
otf-font-awesome
otf-geist-mono-nerd
otf-hasklig-nerd
otf-hermit-nerd
otf-monaspace-nerd
otf-opendyslexic-nerd
otf-overpass-nerd
partitionmanager
polkit-kde-agent
power-profiles-daemon
python-colorthief
python-haishoku
python-pywal16
python-pywalfox
qalculate-gtk
ranger
rmpc
scdoc
signal-desktop
skanlite
smartmontools
sof-firmware
stow
swaync
tmux
ttf-0xproto-nerd
ttf-3270-nerd
ttf-agave-nerd
ttf-anonymouspro-nerd
ttf-arimo-nerd
ttf-bigblueterminal-nerd
ttf-bitstream-vera-mono-nerd
ttf-cascadia-code-nerd
ttf-cascadia-mono-nerd
ttf-cousine-nerd
ttf-d2coding-nerd
ttf-daddytime-mono-nerd
ttf-dejavu-nerd
ttf-envycoder-nerd
ttf-fantasque-nerd
ttf-firacode-nerd
ttf-go-nerd
ttf-gohu-nerd
ttf-hack-nerd
ttf-heavydata-nerd
ttf-iawriter-nerd
ttf-ibmplex-mono-nerd
ttf-inconsolata-go-nerd
ttf-inconsolata-lgc-nerd
ttf-inconsolata-nerd
ttf-intone-nerd
ttf-iosevka-nerd
ttf-iosevkaterm-nerd
ttf-iosevkatermslab-nerd
ttf-jetbrains-mono-nerd
ttf-lekton-nerd
ttf-liberation-mono-nerd
ttf-lilex-nerd
ttf-martian-mono-nerd
ttf-meslo-nerd
ttf-monofur-nerd
ttf-monoid-nerd
ttf-mononoki-nerd
ttf-mplus-nerd
ttf-nerd-fonts-symbols
ttf-nerd-fonts-symbols-mono
ttf-noto-nerd
ttf-profont-nerd
ttf-proggyclean-nerd
ttf-recursive-nerd
ttf-roboto-mono-nerd
ttf-sharetech-mono-nerd
ttf-sourcecodepro-nerd
ttf-space-mono-nerd
ttf-terminus-nerd
ttf-tinos-nerd
ttf-ubuntu-mono-nerd
ttf-ubuntu-nerd
ttf-victor-mono-nerd
ttf-zed-mono-nerd
vscodium-bin
vulkan-intel
wget
wireless_tools
wiremix
xdg-utils
xorg-server
xorg-xinit
xsettingsd
yay-bin
yay-bin-debug
zathura
zoxide
zram-generator
zsh
